"""
# tests/100-matrix_mul.txt

>>> matrix_mul = __import__('100-matrix_mul').matrix_mul

>>> matrix_mul([[1, 2], [3, 4]], [[1, 2], [3, 4]])
[[7, 10], [15, 22]]
>>> matrix_mul([[1, 2]], [[3, 4], [5, 6]])
[[13, 16]]
>>> matrix_mul([], [[1, 2], [3, 4]])
Traceback (most recent call last):
    ...
ValueError: m_a can't be empty
>>> matrix_mul([[1, 2], [3, 4]], [])
Traceback (most recent call last):
    ...
ValueError: m_b can't be empty
>>> matrix_mul([[1, 2], [3, 'four']], [[1, 2], [3, 4]])
Traceback (most recent call last):
    ...
TypeError: m_a should contain only integers or floats
>>> matrix_mul([[1, 2], [3, 4]], [[1, 2], [3, 'four']])
Traceback (most recent call last):
    ...
TypeError: m_b should contain only integers or floats
>>> matrix_mul([[1, 2], [3, 4, 5]], [[1, 2], [3, 4]])
Traceback (most recent call last):
    ...
TypeError: each row of m_a must be of the same size
>>> matrix_mul([[1, 2], [3, 4]], [[1, 2], [3, 4, 5]])
Traceback (most recent call last):
    ...
TypeError: each row of m_b must be of the same size
>>> matrix_mul([[1, 2], [3, 4]], [[1, 2]])
Traceback (most recent call last):
    ...
ValueError: m_a and m_b can't be multiplied
>>> matrix_mul([[1, 2, 3], [4, 5, 6]], [[1, 2], [3, 4], [5, 6]])
[[22, 28], [49, 64]]
>>> matrix_mul([[1]], [[1]])
[[1]]
>>> matrix_mul([[1]], [[1, 2, 3]])
Traceback (most recent call last):
    ...
ValueError: m_a and m_b can't be multiplied
>>> matrix_mul([[2, 4], [6, 8]], [[1, 2, 3], [4, 5, 6]])
[[18, 24, 30], [36, 48, 60]]
>>> matrix_mul([[2], [4], [6]], [[1, 2, 3]])
[[2, 4, 6], [4, 8, 12], [6, 12, 18]]
"""


